		 Start ATE test sequence           0 , ate_initialize(fw bootload)
               10700 TEST: Wait for testbench to initialize...
		 Waiting for          1 microseconds for expected events to take place
               11701 TEST: Start of test...
               11701 phy_reset should be kept asserted
               11701 waiting for pma supply stable, while keep refa/b_clk_en low
		 Waiting for          1 microseconds for expected events to take place
               12701 refa/b_clk_en asserted, after pma supply stable
		 Waiting for          1 microseconds for expected events to take place
  12863.5ns - Info - SUP REF Prescaler : Differential REFCLK detected
  12864.5ns - Info - SUP REF Prescaler : Differential REFCLK detected
  12864.5ns - Info - SUP REF Prescaler : Differential REFCLK detected
               13701 PHY Reset de-asserted
		Enter CR ACCESS
		 Waiting for          2 microseconds for expected events to take place
               17900 Waiting for sram_init_done to get asserted
		 Waiting for        400 microseconds for expected events to take place
              100000 INFO: <test.tb> Heartbeat
              200000 INFO: <test.tb> Heartbeat
              300000 INFO: <test.tb> Heartbeat
              400000 INFO: <test.tb> Heartbeat
		 Reading SRAM_INIT_DONE
              417900 <test.tb.jtag.read_cr_wo_set_ir> JTAG reading control register address: 0197
              423700 <test.tb.jtag.read_cr_wo_set_ir> JTAG data read: 0000000000000001

		                                                             Expecting SRAM_INIT_DONE to be asserted
		 update firmware if necessary
		 Waiting for          2 microseconds for expected events to take place
		 Insert the vector pause for FW updates if necessary in ate.vec at line number                 4259
		 Waiting for          2 microseconds for expected events to take place
		 Overriding sram_ext_ld_done to 1'b1
              427895 CREG WRITE : ADDR=0195h, DATA=0003h
		 Override per lane resets to 1
		 Override tx_req, rx_req, and rx_data_en to 0
              432578 CREG WRITE : ADDR=6020h, DATA=80afh
		 End of ATE test sequence           0
              437200 TEST: Wait for PHY and testbench to initialize
		Enter CR ACCESS
		 Start ATE test sequence           1 , config phy in ATE_PCIE1_Bypass_CC
		PHY parameter settings
		 Overriding tx_slat_xfer_sel
              438600 CREG WRITE : ADDR=500ch, DATA=1000h
		 Overriding sup_cntx_en
              443200 CREG WRITE : ADDR=012ah, DATA=01ffh
              447800 CREG WRITE : ADDR=012bh, DATA=0fffh
		 Overriding lane_cntx_en
              452400 CREG WRITE : ADDR=606eh, DATA=0040h
		 Override rx_rate, rx_vco_ld_val
              457000 CREG WRITE : ADDR=6053h, DATA=6578h
              461600 CREG WRITE : ADDR=605dh, DATA=ffffh
		 Override rx_dfe_bypass, rx_eq_dfe_tap2, rx_eq_dfe_float_en, rx_cdr_ppm_max
              466200 CREG WRITE : ADDR=6054h, DATA=4053h
              470800 CREG WRITE : ADDR=605dh, DATA=ffffh
              475400 CREG WRITE : ADDR=605eh, DATA=ff7fh
		 Override rx_width
              480000 CREG WRITE : ADDR=6057h, DATA=1030h
              484600 CREG WRITE : ADDR=605eh, DATA=ffffh
		 Override rx_delta_iq
              489200 CREG WRITE : ADDR=6052h, DATA=0000h
              493800 CREG WRITE : ADDR=605dh, DATA=ffffh
		 Override rx_lpd, rx_pstate
              498400 CREG WRITE : ADDR=6025h, DATA=0014h
              500000 INFO: <test.tb> Heartbeat
		 Override rx_recal_skip_en, rx_recal_force_en, rx_recal_bank_sel, rx_coarse_adpt_force_en, rx_coarse_adpt_skip_en
              503000 CREG WRITE : ADDR=6030h, DATA=0754h
		 Overriding tx_rate
              507600 CREG WRITE : ADDR=603eh, DATA=0010h
              512200 CREG WRITE : ADDR=604ch, DATA=fffeh
		 Override tx_lpd, tx_pstate, tx_pll_en
              516800 CREG WRITE : ADDR=6026h, DATA=c014h
		 Override tx_width_r
              521400 CREG WRITE : ADDR=603eh, DATA=0013h
              526000 CREG WRITE : ADDR=604ch, DATA=ffffh
		 Override tx_master_pll_state_r, lane_ref_sel_r
              530600 CREG WRITE : ADDR=6027h, DATA=3c00h
		 Override tx_recal_bank_sel_r, tx_recal_force_en_r, tx_recal_skip_en_r
              535200 CREG WRITE : ADDR=6039h, DATA=0054h
		 Overriding tx_invert_r, tx_clk_rdy_r, and TX_DATA_EN
              539800 CREG WRITE : ADDR=5001h, DATA=0123h
		 Overriding sup_misc
              544400 CREG WRITE : ADDR=0111h, DATA=0000h
              549000 CREG WRITE : ADDR=0128h, DATA=3fffh
		 Perform refa_clk_div2_en, refb_clkdet_en_r override
              553600 CREG WRITE : ADDR=0002h, DATA=0f08h
		 Overriding refa_lane_clk_en
              558200 CREG WRITE : ADDR=011ch, DATA=0000h
              562800 CREG WRITE : ADDR=0128h, DATA=3fffh
		 Perform refb_clk_div2_en, refa_clkdet_en_r override
              567400 CREG WRITE : ADDR=0003h, DATA=0f08h
		 Overriding refb_lane_clk_en
              572000 CREG WRITE : ADDR=0127h, DATA=0000h
              576600 CREG WRITE : ADDR=012ah, DATA=01ffh
		 Overriding txup_term_offset
              581200 CREG WRITE : ADDR=010fh, DATA=0000h
              585800 CREG WRITE : ADDR=0128h, DATA=3fffh
		 Overriding txdn_term_offset
              590400 CREG WRITE : ADDR=0110h, DATA=0000h
              595000 CREG WRITE : ADDR=0128h, DATA=3fffh
		 Overriding rx_term_offset
              599600 CREG WRITE : ADDR=010fh, DATA=0000h
              600000 INFO: <test.tb> Heartbeat
              604200 CREG WRITE : ADDR=0128h, DATA=3fffh
		 Get access to external resistor, single PHY use the resistor
              608800 CREG WRITE : ADDR=001fh, DATA=0018h
		 Overriding bg_en_r
              613400 CREG WRITE : ADDR=0004h, DATA=03e7h
		 Overriding rx_vref_ctrl
              618000 CREG WRITE : ADDR=0110h, DATA=0a00h
              622600 CREG WRITE : ADDR=0128h, DATA=3fffh
		 Asserting mplla_word_clk_en
              627200 CREG WRITE : ADDR=0005h, DATA=000ch
		 Overriding mplla_short_lock_en
              631800 CREG WRITE : ADDR=011bh, DATA=4200h
              636400 CREG WRITE : ADDR=0129h, DATA=03ffh
		 Asserting mpllb_word_clk_en
              641000 CREG WRITE : ADDR=0006h, DATA=000ch
		 Overriding mpllb_short_lock_en
              645600 CREG WRITE : ADDR=0126h, DATA=4200h
              650200 CREG WRITE : ADDR=012bh, DATA=0fffh
		 Overriding mplla_bw_low
              654800 CREG WRITE : ADDR=0114h, DATA=00f5h
              659400 CREG WRITE : ADDR=0128h, DATA=3fffh
		 Overriding mpllb_bw_low
              664000 CREG WRITE : ADDR=011fh, DATA=00f5h
              668600 CREG WRITE : ADDR=012ah, DATA=01ffh
		 Overriding mplla_bw_high
              673200 CREG WRITE : ADDR=0115h, DATA=00f5h
              677800 CREG WRITE : ADDR=0128h, DATA=3fffh
*Verdi* FSDB: For performance reasons, the Memory Size Limit has been increased to 128M.
		 Overriding mpllb_bw_high
              682400 CREG WRITE : ADDR=0120h, DATA=00f5h
              687000 CREG WRITE : ADDR=012ah, DATA=01ffh
		 Overriding mplla_multiplier
              691600 CREG WRITE : ADDR=0113h, DATA=0640h
              696200 CREG WRITE : ADDR=0128h, DATA=3fffh
              700000 INFO: <test.tb> Heartbeat
		 Overriding mplla_bw_threshold
              700800 CREG WRITE : ADDR=0112h, DATA=0a58h
              705400 CREG WRITE : ADDR=0128h, DATA=3fffh
		 Overriding ref_clk_mplla_div
              710000 CREG WRITE : ADDR=0112h, DATA=0a58h
              714600 CREG WRITE : ADDR=0128h, DATA=3fffh
		 Overriding mplla_word_clk_div
              719200 CREG WRITE : ADDR=011ch, DATA=0003h
              723800 CREG WRITE : ADDR=0129h, DATA=03ffh
		 Overriding mplla_tx_clk_div
              728400 CREG WRITE : ADDR=0113h, DATA=0641h
              733000 CREG WRITE : ADDR=0128h, DATA=3fffh
		 Overriding mplla_fb_clk_div4_en
              737600 CREG WRITE : ADDR=011bh, DATA=4200h
              742200 CREG WRITE : ADDR=0129h, DATA=03ffh
		 Overriding mplla_ctl_buf_bypass
              746800 CREG WRITE : ADDR=011bh, DATA=4200h
              751400 CREG WRITE : ADDR=0129h, DATA=03ffh
		 Overriding mplla_ssc_peak
              756000 CREG WRITE : ADDR=011ah, DATA=0000h
              760600 CREG WRITE : ADDR=0129h, DATA=03ffh
		 Overriding mplla_frac_den
              765200 CREG WRITE : ADDR=0117h, DATA=0000h
              769800 CREG WRITE : ADDR=0129h, DATA=03ffh
		 Overriding mplla_frac_rem
              774400 CREG WRITE : ADDR=0118h, DATA=0000h
              779000 CREG WRITE : ADDR=0129h, DATA=03ffh
		 Overriding mplla_ssc_step_size
              783600 CREG WRITE : ADDR=0119h, DATA=0000h
              788200 CREG WRITE : ADDR=0129h, DATA=03ffh
		 Overriding mplla_frac_en
              792800 CREG WRITE : ADDR=011bh, DATA=4200h
              797400 CREG WRITE : ADDR=0129h, DATA=03ffh
              800000 INFO: <test.tb> Heartbeat
		 Overriding mplla_ssc_up_spread
              802000 CREG WRITE : ADDR=011bh, DATA=4200h
              806600 CREG WRITE : ADDR=0129h, DATA=03ffh
		 Overriding mplla_ssc_en_r
              811200 CREG WRITE : ADDR=0137h, DATA=0300h
              815800 CREG WRITE : ADDR=0137h, DATA=0301h
		 Overriding mpllb_multiplier
              820400 CREG WRITE : ADDR=011eh, DATA=0640h
              825000 CREG WRITE : ADDR=012ah, DATA=01ffh
		 Overriding mpllb_bw_threshold
              829600 CREG WRITE : ADDR=011dh, DATA=0a58h
              834200 CREG WRITE : ADDR=012ah, DATA=01ffh
		 Overriding ref_clk_mpllb_div
              838800 CREG WRITE : ADDR=011dh, DATA=0a58h
              843400 CREG WRITE : ADDR=012ah, DATA=01ffh
		 Overriding mpllb_word_clk_div
              848000 CREG WRITE : ADDR=0127h, DATA=0003h
              852600 CREG WRITE : ADDR=012bh, DATA=0fffh
		 Overriding mpllb_tx_clk_div
              857200 CREG WRITE : ADDR=011eh, DATA=0641h
              861800 CREG WRITE : ADDR=012ah, DATA=01ffh
		 Overriding mpllb_fb_clk_div4_en
              866400 CREG WRITE : ADDR=0126h, DATA=4200h
              871000 CREG WRITE : ADDR=012bh, DATA=0fffh
		 Overriding mpllb_ctl_buf_bypass
              875600 CREG WRITE : ADDR=0126h, DATA=4200h
              880200 CREG WRITE : ADDR=012bh, DATA=0fffh
		 Overriding mpllb_ssc_peak
              884800 CREG WRITE : ADDR=0125h, DATA=0000h
              889400 CREG WRITE : ADDR=012bh, DATA=0fffh
		 Overriding mpllb_frac_quot
              894000 CREG WRITE : ADDR=0121h, DATA=0000h
              898600 CREG WRITE : ADDR=012ah, DATA=01ffh
              900000 INFO: <test.tb> Heartbeat
		 Overriding mpllb_frac_den
              903200 CREG WRITE : ADDR=0122h, DATA=0000h
              907800 CREG WRITE : ADDR=012bh, DATA=0fffh
		 Overriding mpllb_frac_rem
              912400 CREG WRITE : ADDR=0123h, DATA=0000h
              917000 CREG WRITE : ADDR=012bh, DATA=0fffh
		 Overriding mpllb_ssc_step_size
              921600 CREG WRITE : ADDR=0124h, DATA=0000h
              926200 CREG WRITE : ADDR=012bh, DATA=0fffh
		 Overriding mpllb_frac_en
              930800 CREG WRITE : ADDR=0126h, DATA=4200h
              935400 CREG WRITE : ADDR=012bh, DATA=0fffh
		 Overriding mpllb_ssc_up_spread
              940000 CREG WRITE : ADDR=0126h, DATA=4200h
              944600 CREG WRITE : ADDR=012bh, DATA=0fffh
		 Overriding mpllb_ssc_en_r
              949200 CREG WRITE : ADDR=0137h, DATA=0301h
              953800 CREG WRITE : ADDR=0137h, DATA=0305h
		 Overriding mplla/b_recal_skip_en, mplla/b_recal_force_en, mplla/b_cal_bank_sel
              958400 CREG WRITE : ADDR=010eh, DATA=2a54h
		 Overriding mplla_init_cal_disable, mpllb_init_cal_disable, rtune_req
              963000 CREG WRITE : ADDR=0112h, DATA=0258h
              967600 CREG WRITE : ADDR=011dh, DATA=0a58h
              972200 CREG WRITE : ADDR=0128h, DATA=3fffh
              976800 CREG WRITE : ADDR=012bh, DATA=0fffh
              981400 CREG WRITE : ADDR=0104h, DATA=0002h
		 Hooking up tx0_clk to appropriate ROPLL word/dword/qword, mplla/b word/dword/qword clock
		 Overriding tx_clk_sel
              986000 CREG WRITE : ADDR=60f9h, DATA=01f5h
		 Overriding tx_eq_main_r, tx_beacon_en_r, tx_disable_r
              990600 CREG WRITE : ADDR=5003h, DATA=0588h
		 Overriding tx_eq_pre and tx_eq_post
              995200 CREG WRITE : ADDR=5004h, DATA=2040h
		 Overriding mplla_frac_quot
              999800 CREG WRITE : ADDR=0116h, DATA=0000h
             1000000 INFO: <test.tb> Heartbeat
             1004400 CREG WRITE : ADDR=0128h, DATA=3fffh
		 Overriding mpllb_frac_quot
             1009000 CREG WRITE : ADDR=0121h, DATA=0000h
             1013600 CREG WRITE : ADDR=012ah, DATA=01ffh
		 Overriding tx_misc_23_8
             1018200 CREG WRITE : ADDR=6045h, DATA=0000h
		 Overriding tx_misc
             1022800 CREG WRITE : ADDR=603eh, DATA=4013h
             1027400 CREG WRITE : ADDR=604ch, DATA=ffffh
		 Overriding tx_align_wide_xfer_en
             1032000 CREG WRITE : ADDR=603eh, DATA=4013h
             1036600 CREG WRITE : ADDR=604dh, DATA=3fffh
		 Overriding tx_detrx_req
             1041200 CREG WRITE : ADDR=602fh, DATA=0002h
		 Overriding rx_misc_23_8
             1045800 CREG WRITE : ADDR=605bh, DATA=0000h
		 Overriding rx_misc
             1050400 CREG WRITE : ADDR=6056h, DATA=0090h
             1055000 CREG WRITE : ADDR=605eh, DATA=ffffh
		 Overriding tx_dcc_ctrl_cm_range
             1059600 CREG WRITE : ADDR=603fh, DATA=0090h
             1064200 CREG WRITE : ADDR=604ch, DATA=ffffh
		 Overriding tx_dcc_ctrl_diff_range
             1068800 CREG WRITE : ADDR=603fh, DATA=0099h
             1073400 CREG WRITE : ADDR=604ch, DATA=ffffh
		 Overriding rx_eq_ctle_boost
             1078000 CREG WRITE : ADDR=6050h, DATA=4000h
             1082600 CREG WRITE : ADDR=605dh, DATA=ffffh
		 Overriding rx_eq_ctle_pole
             1087200 CREG WRITE : ADDR=6050h, DATA=4100h
             1091800 CREG WRITE : ADDR=605dh, DATA=ffffh
		 Overriding rx_eq_dfe_tap1
             1096400 CREG WRITE : ADDR=6055h, DATA=0000h
             1100000 INFO: <test.tb> Heartbeat
             1101000 CREG WRITE : ADDR=605dh, DATA=ffffh
		 Overriding rx_eq_vga_gain
             1105600 CREG WRITE : ADDR=6050h, DATA=4114h
             1110200 CREG WRITE : ADDR=605dh, DATA=ffffh
		 Overriding rx_eq_att_lvl
             1114800 CREG WRITE : ADDR=6050h, DATA=4114h
             1119400 CREG WRITE : ADDR=605dh, DATA=ffffh
		 Overriding rx_eq_afe_rate
             1124000 CREG WRITE : ADDR=6051h, DATA=7000h
             1128600 CREG WRITE : ADDR=605dh, DATA=ffffh
		 Overriding rx_eq_dfe_float_en
             1133200 CREG WRITE : ADDR=6054h, DATA=4053h
             1137800 CREG WRITE : ADDR=605eh, DATA=ffffh
		 Overriding rx_cdr_vco_config
             1142400 CREG WRITE : ADDR=6052h, DATA=0003h
             1147000 CREG WRITE : ADDR=605dh, DATA=ffffh
		 Overriding rx_dcc_ctrl_cm_range
             1151600 CREG WRITE : ADDR=6056h, DATA=9090h
             1156200 CREG WRITE : ADDR=605eh, DATA=ffffh
		 Overriding rx_dcc_ctrl_diff_range
             1160800 CREG WRITE : ADDR=6056h, DATA=9990h
             1165400 CREG WRITE : ADDR=605eh, DATA=ffffh
		 Overriding rx_ref_ld_val
             1170000 CREG WRITE : ADDR=6055h, DATA=1c00h
             1174600 CREG WRITE : ADDR=605dh, DATA=ffffh
		 Overriding the RX_MARGIN_IN_PROG_OVRD and RX_MARGIN_ERROR_CLEAR_OVRD to 0
             1179200 CREG WRITE : ADDR=603ah, DATA=2002h
		 Overriding tx_ropll_cp_ctl_prop
             1183800 CREG WRITE : ADDR=6040h, DATA=0075h
             1188400 CREG WRITE : ADDR=604ch, DATA=ffffh
		 Overriding tx_ropll_out_div
             1193000 CREG WRITE : ADDR=6042h, DATA=0100h
             1197600 CREG WRITE : ADDR=604dh, DATA=3fffh
             1200000 INFO: <test.tb> Heartbeat
		 Overriding tx_ropll_cp_ctl_intg
             1202200 CREG WRITE : ADDR=6040h, DATA=08f5h
             1206800 CREG WRITE : ADDR=604ch, DATA=ffffh
		 Overriding tx_ropll_rc_filter
             1211400 CREG WRITE : ADDR=603fh, DATA=1099h
             1216000 CREG WRITE : ADDR=604ch, DATA=ffffh
		 Overriding tx_ropll_postdiv
             1220600 CREG WRITE : ADDR=6041h, DATA=0040h
             1225200 CREG WRITE : ADDR=604ch, DATA=ffffh
		 Overriding tx_ropll_fbdiv
             1229800 CREG WRITE : ADDR=6041h, DATA=0540h
             1234400 CREG WRITE : ADDR=604ch, DATA=ffffh
		 Overriding tx_ropll_refdiv
             1239000 CREG WRITE : ADDR=6041h, DATA=0541h
             1243600 CREG WRITE : ADDR=604ch, DATA=ffffh
		 Overriding tx_ropll_vco_low_freq
             1248200 CREG WRITE : ADDR=603fh, DATA=1299h
             1252800 CREG WRITE : ADDR=604ch, DATA=ffffh
		 Overriding tx_ropll_v2i_mode
             1257400 CREG WRITE : ADDR=6040h, DATA=c8f5h
             1262000 CREG WRITE : ADDR=604ch, DATA=ffffh
		 Overriding tx_ropll_bypass
             1266600 CREG WRITE : ADDR=6042h, DATA=0104h
             1271200 CREG WRITE : ADDR=604dh, DATA=3fffh
		 Overriding tx_ropll_word_clk_div_sel
             1275800 CREG WRITE : ADDR=6042h, DATA=010ch
             1280400 CREG WRITE : ADDR=604dh, DATA=3fffh
		 Overriding tx_pll_word_clk_freq
             1285000 CREG WRITE : ADDR=6043h, DATA=0000h
             1289600 CREG WRITE : ADDR=604dh, DATA=3fffh
		 Overriding tx_ropll_div_clk_en
             1294200 CREG WRITE : ADDR=6042h, DATA=010ch
             1298800 CREG WRITE : ADDR=604dh, DATA=3fffh
             1300000 INFO: <test.tb> Heartbeat
		 Overriding tx_ropll_refsel
             1303400 CREG WRITE : ADDR=6042h, DATA=010ch
             1308000 CREG WRITE : ADDR=604ch, DATA=ffffh
		 Overriding tx_fastedge_en
             1312600 CREG WRITE : ADDR=6043h, DATA=0008h
             1317200 CREG WRITE : ADDR=604ch, DATA=ffffh
		 Overriding tx_ropll_word_clk_en_r
             1321800 CREG WRITE : ADDR=6075h, DATA=0018h
		 Overriding rx_offcan_cont_r, rx_adapt_cont_r, rx_adapt_req_r
             1326400 CREG WRITE : ADDR=600ah, DATA=0002h
		 Overriding rx_offcan_cont
             1331000 CREG WRITE : ADDR=6057h, DATA=9030h
             1335600 CREG WRITE : ADDR=605dh, DATA=ffffh
		 Overriding tx_offcan_cont
             1340200 CREG WRITE : ADDR=6041h, DATA=4541h
             1344800 CREG WRITE : ADDR=604dh, DATA=3fffh
		 Overriding rx_adapt_cont
             1349400 CREG WRITE : ADDR=6057h, DATA=d030h
             1354000 CREG WRITE : ADDR=605eh, DATA=ffffh
		 Clear the rx_adapt_dis IRQ to prevent rx_ack assertion after initial powerup sequence completed
             1358600 CREG WRITE : ADDR=60cch, DATA=0001h
		 Overriding rx_adapt_mode
             1363200 CREG WRITE : ADDR=6057h, DATA=d030h
             1367800 CREG WRITE : ADDR=605eh, DATA=ffffh
		 Overriding rx_adapt_sel
             1372400 CREG WRITE : ADDR=6057h, DATA=d030h
             1377000 CREG WRITE : ADDR=605eh, DATA=ffffh
		 Overriding rx_eq_afe_config
             1381600 CREG WRITE : ADDR=6051h, DATA=7414h
             1386200 CREG WRITE : ADDR=605dh, DATA=ffffh
		 Overriding rx_margin_iq and rx_delta_iq
             1390800 CREG WRITE : ADDR=600ch, DATA=1010h
		 Overriding rx_term_en_r, rx_disable_r, rx_cdr_ssc_en_r, rx_cdr_track_en_r
             1395400 CREG WRITE : ADDR=702eh, DATA=0002h
             1400000 INFO: <test.tb> Heartbeat
             1400000 CREG WRITE : ADDR=6007h, DATA=4000h
             1404600 CREG WRITE : ADDR=5023h, DATA=00c3h
		 Overriding rx_term_acdc
             1409200 CREG WRITE : ADDR=6057h, DATA=d031h
             1413800 CREG WRITE : ADDR=605eh, DATA=ffffh
		 Overriding rx_sigdet_hf_en
             1418400 CREG WRITE : ADDR=6058h, DATA=0000h
             1423000 CREG WRITE : ADDR=605eh, DATA=ffffh
		 Overriding rx_sigdet_lf_threshold
             1427600 CREG WRITE : ADDR=6058h, DATA=0003h
             1432200 CREG WRITE : ADDR=605eh, DATA=ffffh
		 Overriding rx_sigdet_hf_threshold
             1436800 CREG WRITE : ADDR=6058h, DATA=0013h
             1441400 CREG WRITE : ADDR=605eh, DATA=ffffh
		 Overriding rx_sigdet_lfps_filter_en
             1446000 CREG WRITE : ADDR=6058h, DATA=0013h
             1450600 CREG WRITE : ADDR=605eh, DATA=ffffh
		 Overriding rx_div16p5_clk_en
             1455200 CREG WRITE : ADDR=6057h, DATA=c031h
             1459800 CREG WRITE : ADDR=605eh, DATA=ffffh
		 Overriding tx_ropll_div16p5_clk_en
             1464400 CREG WRITE : ADDR=6042h, DATA=010ch
             1469000 CREG WRITE : ADDR=604dh, DATA=3fffh
		 Overriding rx_term_ctrl
             1473600 CREG WRITE : ADDR=6057h, DATA=c035h
             1478200 CREG WRITE : ADDR=6059h, DATA=2000h
             1482800 CREG WRITE : ADDR=605eh, DATA=ffffh
		 Overriding tx_term_ctrl
             1487400 CREG WRITE : ADDR=6043h, DATA=000eh
             1492000 CREG WRITE : ADDR=6044h, DATA=0010h
             1496600 CREG WRITE : ADDR=604ch, DATA=ffffh
             1500000 INFO: <test.tb> Heartbeat
		 Overriding rx_dig_div_clk_sel
             1501200 CREG WRITE : ADDR=6059h, DATA=2000h
             1505800 CREG WRITE : ADDR=605fh, DATA=01ffh
		 Overriding rx_div_clk_en
             1510400 CREG WRITE : ADDR=6059h, DATA=2000h
             1515000 CREG WRITE : ADDR=605fh, DATA=01ffh
		 Overriding rx_div_clk_sel
             1519600 CREG WRITE : ADDR=6059h, DATA=2000h
             1524200 CREG WRITE : ADDR=605fh, DATA=01ffh
		 Disable RX CDR PPM detector
             1528800 CREG WRITE : ADDR=7067h, DATA=0004h
		 Overriding lane_rx2tx_par_lb_en and lane_tx2rx_ser_lb_en to 0
             1533400 CREG WRITE : ADDR=6028h, DATA=000ah
		 Overriding tx_ropll_125mhz_clk_en
             1538000 CREG WRITE : ADDR=6041h, DATA=4541h
             1542600 CREG WRITE : ADDR=604dh, DATA=3fffh
		 Overriding tx_dly_cal_en
             1547200 CREG WRITE : ADDR=6042h, DATA=010ch
             1551800 CREG WRITE : ADDR=604dh, DATA=3fffh
		 Overriding rx_125mhz_clk_en
             1556400 CREG WRITE : ADDR=6057h, DATA=c035h
             1561000 CREG WRITE : ADDR=605eh, DATA=ffffh
		 Overriding tx_dig_ropll_div_clk_sel
             1565600 CREG WRITE : ADDR=6044h, DATA=0010h
             1570200 CREG WRITE : ADDR=604dh, DATA=3fffh
		 Overriding tx_dual_cntx_en
             1574800 CREG WRITE : ADDR=603eh, DATA=c013h
             1579400 CREG WRITE : ADDR=604dh, DATA=3fffh
		 End of ATE test sequence           1
		 Start ATE test sequence           2 , PHY power up
		 JTAG ID READ for selective register read enabling
             1584000 <test.tb.jtag.read_cr_wo_set_ir> JTAG reading control register address: 0000
             1589800 <test.tb.jtag.read_cr_wo_set_ir> JTAG data read: 0111010011001101

		                                                                         JTAG ID is read as expected
             1589800 <test.tb.jtag.read_cr_wo_set_ir> JTAG reading control register address: 0001
             1595600 <test.tb.jtag.read_cr_wo_set_ir> JTAG data read: 0110110101001011

		                                                                         JTAG ID is read as expected
		 Overriding lane_cntx_en_o
             1595600 CREG WRITE : ADDR=606ch, DATA=0200h
             1600000 INFO: <test.tb> Heartbeat
             1600200 CREG WRITE : ADDR=606ch, DATA=0600h
		 Enable ate mode
             1604800 CREG WRITE : ADDR=019dh, DATA=0001h
		 Overriding TOKEN_DLY
             1609400 CREG WRITE : ADDR=0133h, DATA=0000h
		 De-assrting pma tx_data_en to 0
             1614000 CREG WRITE : ADDR=5001h, DATA=0123h
             1618600 CREG WRITE : ADDR=5001h, DATA=0123h
		 Overriding rx_invert
             1623200 CREG WRITE : ADDR=5020h, DATA=0008h
		 De-assrting per lane resets to 0
             1627800 CREG WRITE : ADDR=6020h, DATA=80aah
		 Waiting for PHY power up...
		 Insert dummy cycle     148000 for normal FW in ate.vec at line number                16324
		 Waiting for        300 microseconds for expected events to take place
             1700000 INFO: <test.tb> Heartbeat
             1800000 INFO: <test.tb> Heartbeat
             1900000 INFO: <test.tb> Heartbeat
		 Reading INIT_PWRUP_DONE on all lanes
             1932400 <test.tb.jtag.read_cr_wo_set_ir> JTAG reading control register address: 3014
             1938200 <test.tb.jtag.read_cr_wo_set_ir> JTAG data read: 0000000000000001

		                                          Expecting INIT_PWRUP_DONE(bit[0]) on Lane 0 to be asserted
             1938200 <test.tb.jtag.read_cr_wo_set_ir> JTAG reading control register address: 3214
             1944000 <test.tb.jtag.read_cr_wo_set_ir> JTAG data read: 0000000000000001

		                                          Expecting INIT_PWRUP_DONE(bit[0]) on Lane 1 to be asserted
             1944000 <test.tb.jtag.read_cr_wo_set_ir> JTAG reading control register address: 3414
             1949800 <test.tb.jtag.read_cr_wo_set_ir> JTAG data read: 0000000000000001

		                                          Expecting INIT_PWRUP_DONE(bit[0]) on Lane 2 to be asserted
             1949800 <test.tb.jtag.read_cr_wo_set_ir> JTAG reading control register address: 3614
             1955600 <test.tb.jtag.read_cr_wo_set_ir> JTAG data read: 0000000000000001

		                                          Expecting INIT_PWRUP_DONE(bit[0]) on Lane 3 to be asserted
		 Reading RX ACK and RX VALID at PMA level
             1955600 <test.tb.jtag.read_cr_wo_set_ir> JTAG reading control register address: 103c
             1961400 <test.tb.jtag.read_cr_wo_set_ir> JTAG data read: 0000000001110000

		       Expecting RX ACK(bit[0]) to be de-asserted and RX VALID(bit[1]) to be de-asserted on Channel0
             1961400 <test.tb.jtag.read_cr_wo_set_ir> JTAG reading control register address: 123c
             1967200 <test.tb.jtag.read_cr_wo_set_ir> JTAG data read: 0000000001110000

		       Expecting RX ACK(bit[0]) to be de-asserted and RX VALID(bit[1]) to be de-asserted on Channel1
             1967200 <test.tb.jtag.read_cr_wo_set_ir> JTAG reading control register address: 143c
             1973000 <test.tb.jtag.read_cr_wo_set_ir> JTAG data read: 0000000001110000

		       Expecting RX ACK(bit[0]) to be de-asserted and RX VALID(bit[1]) to be de-asserted on Channel2
             1973000 <test.tb.jtag.read_cr_wo_set_ir> JTAG reading control register address: 163c
             1978800 <test.tb.jtag.read_cr_wo_set_ir> JTAG data read: 0000000001110000

		       Expecting RX ACK(bit[0]) to be de-asserted and RX VALID(bit[1]) to be de-asserted on Channel3
		 Reading RX ACK at PHY level
             1978800 <test.tb.jtag.read_cr_wo_set_ir> JTAG reading control register address: 2019
             1984600 <test.tb.jtag.read_cr_wo_set_ir> JTAG data read: 0000000000000000

		                                              Expecting RX ACK(bit[0]) to be de-asserted on Channle0
             1984600 <test.tb.jtag.read_cr_wo_set_ir> JTAG reading control register address: 2219
             1990400 <test.tb.jtag.read_cr_wo_set_ir> JTAG data read: 0000000000000000

		                                              Expecting RX ACK(bit[0]) to be de-asserted on Channle1
             1990400 <test.tb.jtag.read_cr_wo_set_ir> JTAG reading control register address: 2419
             1996200 <test.tb.jtag.read_cr_wo_set_ir> JTAG data read: 0000000000000000

		                                              Expecting RX ACK(bit[0]) to be de-asserted on Channle2
             1996200 <test.tb.jtag.read_cr_wo_set_ir> JTAG reading control register address: 2619
             2000000 INFO: <test.tb> Heartbeat
             2002000 <test.tb.jtag.read_cr_wo_set_ir> JTAG data read: 0000000000000000

		                                              Expecting RX ACK(bit[0]) to be de-asserted on Channle3
		 Reading TX ACK at PMA level
             2002000 <test.tb.jtag.read_cr_wo_set_ir> JTAG reading control register address: 1012
             2007800 <test.tb.jtag.read_cr_wo_set_ir> JTAG data read: 0000000000000000

		                                              Expecting TX ACK(bit[0]) of Channel0 to be de-asserted
             2007800 <test.tb.jtag.read_cr_wo_set_ir> JTAG reading control register address: 1212
             2013600 <test.tb.jtag.read_cr_wo_set_ir> JTAG data read: 0000000000000000

		                                              Expecting TX ACK(bit[0]) of Channel1 to be de-asserted
             2013600 <test.tb.jtag.read_cr_wo_set_ir> JTAG reading control register address: 1412
             2019400 <test.tb.jtag.read_cr_wo_set_ir> JTAG data read: 0000000000000000

		                                              Expecting TX ACK(bit[0]) of Channel2 to be de-asserted
             2019400 <test.tb.jtag.read_cr_wo_set_ir> JTAG reading control register address: 1612
             2025200 <test.tb.jtag.read_cr_wo_set_ir> JTAG data read: 0000000000000000

		                                              Expecting TX ACK(bit[0]) of Channel3 to be de-asserted
		 Reading TX ACK at PHY level
             2025200 <test.tb.jtag.read_cr_wo_set_ir> JTAG reading control register address: 2004
             2031000 <test.tb.jtag.read_cr_wo_set_ir> JTAG data read: 0000000000000000

		                                              Expecting TX ACK(bit[0]) of Channel0 to be de-asserted
             2031000 <test.tb.jtag.read_cr_wo_set_ir> JTAG reading control register address: 2204
             2036800 <test.tb.jtag.read_cr_wo_set_ir> JTAG data read: 0000000000000000

		                                              Expecting TX ACK(bit[0]) of Channel1 to be de-asserted
             2036800 <test.tb.jtag.read_cr_wo_set_ir> JTAG reading control register address: 2404
             2042600 <test.tb.jtag.read_cr_wo_set_ir> JTAG data read: 0000000000000000

		                                              Expecting TX ACK(bit[0]) of Channel2 to be de-asserted
             2042600 <test.tb.jtag.read_cr_wo_set_ir> JTAG reading control register address: 2604
             2048400 <test.tb.jtag.read_cr_wo_set_ir> JTAG data read: 0000000000000000

		                                              Expecting TX ACK(bit[0]) of Channel3 to be de-asserted
		 End of ATE test sequence           2
		 Start ATE test sequence           3 , Check pll states
		 Read mpll and ropll state
             2048400 <test.tb.jtag.read_cr_wo_set_ir> JTAG reading control register address: 20a5
             2054200 <test.tb.jtag.read_cr_wo_set_ir> JTAG data read: 0000000000000010

		                                                                                  Lane 0 ROPLL state
             2054200 <test.tb.jtag.read_cr_wo_set_ir> JTAG reading control register address: 20a3
             2060000 <test.tb.jtag.read_cr_wo_set_ir> JTAG data read: 0000000000000001

		                                                                           Lane 0 MPLLA state bit[0]
             2060000 <test.tb.jtag.read_cr_wo_set_ir> JTAG reading control register address: 22a5
             2065800 <test.tb.jtag.read_cr_wo_set_ir> JTAG data read: 0000000000000010

		                                                                                  Lane 1 ROPLL state
             2065800 <test.tb.jtag.read_cr_wo_set_ir> JTAG reading control register address: 22a3
             2071600 <test.tb.jtag.read_cr_wo_set_ir> JTAG data read: 0000000000000001

		                                                                           Lane 1 MPLLA state bit[0]
             2071600 <test.tb.jtag.read_cr_wo_set_ir> JTAG reading control register address: 24a5
             2077400 <test.tb.jtag.read_cr_wo_set_ir> JTAG data read: 0000000000000010

		                                                                                  Lane 2 ROPLL state
             2077400 <test.tb.jtag.read_cr_wo_set_ir> JTAG reading control register address: 24a3
             2083200 <test.tb.jtag.read_cr_wo_set_ir> JTAG data read: 0000000000000001

		                                                                           Lane 2 MPLLA state bit[0]
             2083200 <test.tb.jtag.read_cr_wo_set_ir> JTAG reading control register address: 26a5
             2089000 <test.tb.jtag.read_cr_wo_set_ir> JTAG data read: 0000000000000010

		                                                                           Lane 2 MPLLA state bit[0]
             2089000 <test.tb.jtag.read_cr_wo_set_ir> JTAG reading control register address: 26a3
             2094800 <test.tb.jtag.read_cr_wo_set_ir> JTAG data read: 0000000000000001

		                                                                           Lane 3 MPLLA state bit[0]
		 End of ATE test sequence           3
		 Start ATE test sequence           4 , set loopback_mode 00
		 Overriding lane_rx2tx_par_lb_en and lane_tx2rx_ser_lb_en
             2094800 CREG WRITE : ADDR=6028h, DATA=000ah
		 End of ATE test sequence           4
		 Start ATE test sequence           5 , run bert test
		+BERT_TEST
		+*************************************************************************
		+Functional test to verify that the device is operational and
		+the BERTS are functioning. The device is set-up in external loopback.
		+The berts are tested that they can match lfsr31 and that they can count
		+errors
		+*************************************************************************
		 Enabling TX LBERT in LFSR7
             2099400 CREG WRITE : ADDR=5071h, DATA=0008h
             2100000 INFO: <test.tb> Heartbeat
		 Re-enable rxX_data_en to track receive data
             2104000 CREG WRITE : ADDR=6020h, DATA=c0aah
		 Waiting for         50 microseconds for expected events to take place
		 Reading RX ACK and RX VALID at PMA level
             2158600 <test.tb.jtag.read_cr_wo_set_ir> JTAG reading control register address: 103c
             2164400 <test.tb.jtag.read_cr_wo_set_ir> JTAG data read: 0000000001110110

		          Expecting RX ACK(bit[0]) to be de-asserted and RX VALID(bit[1]) to be asserted on Channel0
             2164400 <test.tb.jtag.read_cr_wo_set_ir> JTAG reading control register address: 123c
             2170200 <test.tb.jtag.read_cr_wo_set_ir> JTAG data read: 0000000001110110

		          Expecting RX ACK(bit[0]) to be de-asserted and RX VALID(bit[1]) to be asserted on Channel1
             2170200 <test.tb.jtag.read_cr_wo_set_ir> JTAG reading control register address: 143c
             2176000 <test.tb.jtag.read_cr_wo_set_ir> JTAG data read: 0000000001110110

		          Expecting RX ACK(bit[0]) to be de-asserted and RX VALID(bit[1]) to be asserted on Channel2
             2176000 <test.tb.jtag.read_cr_wo_set_ir> JTAG reading control register address: 163c
             2181800 <test.tb.jtag.read_cr_wo_set_ir> JTAG data read: 0000000001110110

		          Expecting RX ACK(bit[0]) to be de-asserted and RX VALID(bit[1]) to be asserted on Channel3
		 Read tx ropll state
             2181800 <test.tb.jtag.read_cr_wo_set_ir> JTAG reading control register address: 20a5
             2187600 <test.tb.jtag.read_cr_wo_set_ir> JTAG data read: 0000000000000010
             2187600 <test.tb.jtag.read_cr_wo_set_ir> JTAG reading control register address: 22a5
             2193400 <test.tb.jtag.read_cr_wo_set_ir> JTAG data read: 0000000000000010
             2193400 <test.tb.jtag.read_cr_wo_set_ir> JTAG reading control register address: 24a5
             2199200 <test.tb.jtag.read_cr_wo_set_ir> JTAG data read: 0000000000000010
             2199200 <test.tb.jtag.read_cr_wo_set_ir> JTAG reading control register address: 26a5
             2200000 INFO: <test.tb> Heartbeat
             2205000 <test.tb.jtag.read_cr_wo_set_ir> JTAG data read: 0000000000000010
		 Enabling RX LBERT in LFSR7 and setting RX LBERT SYNC to 1
             2205000 CREG WRITE : ADDR=5093h, DATA=0008h
		 Set RX LBERT SYNC to 0
             2209600 CREG WRITE : ADDR=5093h, DATA=0008h
		 Set RX LBERT SYNC to 1
             2214200 CREG WRITE : ADDR=5093h, DATA=0018h
		 Set RX LBERT SYNC to 0
             2218800 CREG WRITE : ADDR=5093h, DATA=0008h
		 Set RX LBERT SYNC to 1
             2223400 CREG WRITE : ADDR=5093h, DATA=0018h
		 Set RX LBERT SYNC to 0
             2228000 CREG WRITE : ADDR=5093h, DATA=0008h
		+BERT_TEST
		+*************************************************************************
		+Functional test to verify that the device is operational and
		+the BERTS are functioning. The device is set-up in external loopback.
		+The berts are tested that they can match lfsr31 and that they can count
		+errors
		+*************************************************************************
		 Waiting for         10 microseconds for expected events to take place
             2242600 <test.tb.jtag.read_cr_wo_set_ir> JTAG reading control register address: 1094
             2248400 <test.tb.jtag.read_cr_wo_set_ir> JTAG data read: 0000000000000000
             2248400 <test.tb.jtag.read_cr_wo_set_ir> JTAG reading control register address: 1094
             2254200 <test.tb.jtag.read_cr_wo_set_ir> JTAG data read: 0000000000000000

		                                                              Bert errors on channel0 expect 0 error
             2254200 <test.tb.jtag.read_cr_wo_set_ir> JTAG reading control register address: 1294
             2260000 <test.tb.jtag.read_cr_wo_set_ir> JTAG data read: 0000000000000000
             2260000 <test.tb.jtag.read_cr_wo_set_ir> JTAG reading control register address: 1294
             2265800 <test.tb.jtag.read_cr_wo_set_ir> JTAG data read: 0000000000000000

		                                                              Bert errors on channel1 expect 0 error
             2265800 <test.tb.jtag.read_cr_wo_set_ir> JTAG reading control register address: 1494
             2271600 <test.tb.jtag.read_cr_wo_set_ir> JTAG data read: 0000000000000000
             2271600 <test.tb.jtag.read_cr_wo_set_ir> JTAG reading control register address: 1494
             2277400 <test.tb.jtag.read_cr_wo_set_ir> JTAG data read: 0000000000000000

		                                                              Bert errors on channel2 expect 0 error
             2277400 <test.tb.jtag.read_cr_wo_set_ir> JTAG reading control register address: 1694
             2283200 <test.tb.jtag.read_cr_wo_set_ir> JTAG data read: 0000000000000000
             2283200 <test.tb.jtag.read_cr_wo_set_ir> JTAG reading control register address: 1694
             2289000 <test.tb.jtag.read_cr_wo_set_ir> JTAG data read: 0000000000000000

		                                                              Bert errors on channel3 expect 0 error
		 Introducing error
             2289000 CREG WRITE : ADDR=5071h, DATA=0018h
             2293600 CREG WRITE : ADDR=5071h, DATA=0008h
		 Waiting for         10 microseconds for expected events to take place
             2300000 INFO: <test.tb> Heartbeat
             2308200 <test.tb.jtag.read_cr_wo_set_ir> JTAG reading control register address: 1094
             2314000 <test.tb.jtag.read_cr_wo_set_ir> JTAG data read: 0000000000000000
             2314000 <test.tb.jtag.read_cr_wo_set_ir> JTAG reading control register address: 1094
             2319800 <test.tb.jtag.read_cr_wo_set_ir> JTAG data read: 0000000000000001

		                                                              Bert errors on channel0 expect 1 error
             2319800 <test.tb.jtag.read_cr_wo_set_ir> JTAG reading control register address: 1294
             2325600 <test.tb.jtag.read_cr_wo_set_ir> JTAG data read: 0000000000000000
             2325600 <test.tb.jtag.read_cr_wo_set_ir> JTAG reading control register address: 1294
             2331400 <test.tb.jtag.read_cr_wo_set_ir> JTAG data read: 0000000000000001

		                                                              Bert errors on channel1 expect 1 error
             2331400 <test.tb.jtag.read_cr_wo_set_ir> JTAG reading control register address: 1494
             2337200 <test.tb.jtag.read_cr_wo_set_ir> JTAG data read: 0000000000000000
             2337200 <test.tb.jtag.read_cr_wo_set_ir> JTAG reading control register address: 1494
             2343000 <test.tb.jtag.read_cr_wo_set_ir> JTAG data read: 0000000000000001

		                                                              Bert errors on channel2 expect 1 error
             2343000 <test.tb.jtag.read_cr_wo_set_ir> JTAG reading control register address: 1694
             2348800 <test.tb.jtag.read_cr_wo_set_ir> JTAG data read: 0000000000000000
             2348800 <test.tb.jtag.read_cr_wo_set_ir> JTAG reading control register address: 1694
             2354600 <test.tb.jtag.read_cr_wo_set_ir> JTAG data read: 0000000000000001

		                                                              Bert errors on channel3 expect 1 error
		 disable RX LBERT matcher
             2354600 CREG WRITE : ADDR=5093h, DATA=0000h
		 disable RX datapath 
             2359200 CREG WRITE : ADDR=6020h, DATA=80aah
		 disable TX LBERT in LFSR31
             2363800 CREG WRITE : ADDR=5071h, DATA=0000h
		 End of ATE test sequence           5
		 Waiting for         10 microseconds for expected events to take place
		==================================================================
		   TEST STATUS : ATE_BERT TEST PASSED
		   Test Completed with zero e r r o r s
		==================================================================
$finish called from file "../../../../testbench/tests/ate_bert_test/ate_bert_test.v", line 78.
$finish at simulation time        2378400000000
           V C S   S i m u l a t i o n   R e p o r t 
Time: 2378400000000 fs
CPU Time:   2012.410 seconds;       Data structure size:  74.5Mb
Thu Sep 10 10:19:39 2026
CPU time: 188.995 seconds to compile + 19.644 seconds to elab + .999 seconds to link + 2013.008 seconds in simulation
Verdi KDB elaboration done and the database successfully generated
